由計時器啟動
建置中 工作區 D:\Jenkins\workspace\NumberServiceUnitServer
 > C:\Program Files\Git\bin\git.exe rev-parse --is-inside-work-tree # timeout=10
Fetching changes from the remote Git repository
 > C:\Program Files\Git\bin\git.exe config remote.origin.url \\Test-pc\git\Jenkins # timeout=10
Fetching upstream changes from \\Test-pc\git\Jenkins
 > C:\Program Files\Git\bin\git.exe --version # timeout=10
 > C:\Program Files\Git\bin\git.exe fetch --tags --progress \\Test-pc\git\Jenkins +refs/heads/*:refs/remotes/origin/*
 > C:\Program Files\Git\bin\git.exe rev-parse "refs/remotes/origin/master^{commit}" # timeout=10
 > C:\Program Files\Git\bin\git.exe rev-parse "refs/remotes/origin/origin/master^{commit}" # timeout=10
Checking out Revision 632c175bc0af743a3a5ae1ab377c23046ed63088 (refs/remotes/origin/master)
 > C:\Program Files\Git\bin\git.exe config core.sparsecheckout # timeout=10
 > C:\Program Files\Git\bin\git.exe checkout -f 632c175bc0af743a3a5ae1ab377c23046ed63088
Commit message: "add"
 > C:\Program Files\Git\bin\git.exe rev-list --no-walk 63e5d430703ca79c751b6f3acd5f77c54d0acb9b # timeout=10
[NumberServiceUnitServer] $ cmd /c call C:\WINDOWS\TEMP\jenkins7077582115899457510.bat

D:\Jenkins\workspace\NumberServiceUnitServer>echo ....執行 NuGet 還原 
....執行 NuGet 還原

D:\Jenkins\workspace\NumberServiceUnitServer>echo ....cd D:\Jenkins\workspace\NumberServiceUnitServer\JenkinsCI 
....cd D:\Jenkins\workspace\NumberServiceUnitServer\JenkinsCI

D:\Jenkins\workspace\NumberServiceUnitServer>echo ...."D:\Jenkins\nuget.exe" restore JenkinsCI.sln 
...."D:\Jenkins\nuget.exe" restore JenkinsCI.sln

D:\Jenkins\workspace\NumberServiceUnitServer>exit 0 
[NumberServiceUnitServer] $ cmd /c call C:\WINDOWS\TEMP\jenkins8331619895118338648.bat

D:\Jenkins\workspace\NumberServiceUnitServer>cd D:\Jenkins\workspace\NumberServiceUnitServer\JenkinsCI\NumberLib 

D:\Jenkins\workspace\NumberServiceUnitServer\JenkinsCI\NumberLib>dotnet restore 
  Restore completed in 39.74 ms for D:\Jenkins\workspace\NumberServiceUnitServer\JenkinsCI\NumberLib\NumberLib.csproj.

D:\Jenkins\workspace\NumberServiceUnitServer\JenkinsCI\NumberLib>dotnet build -c Release -f netcoreapp2.0  
Microsoft (R) Build Engine for .NET Core 15.6.82.30579 版
Copyright (C) Microsoft Corporation. 著作權所有，並保留一切權利。

  Restore completed in 37.02 ms for D:\Jenkins\workspace\NumberServiceUnitServer\JenkinsCI\NumberLib\NumberLib.csproj.
NumberService.cs(6,21): warning CA1822: Member isEven does not access instance data and can be marked as static (Shared in VisualBasic) [D:\Jenkins\workspace\NumberServiceUnitServer\JenkinsCI\NumberLib\NumberLib.csproj]
  NumberLib -> D:\Jenkins\workspace\NumberServiceUnitServer\JenkinsCI\NumberLib\bin\Release\netcoreapp2.0\NumberLib.dll

建置成功。

NumberService.cs(6,21): warning CA1822: Member isEven does not access instance data and can be marked as static (Shared in VisualBasic) [D:\Jenkins\workspace\NumberServiceUnitServer\JenkinsCI\NumberLib\NumberLib.csproj]
    1 個警告
    0 個錯誤

經過時間 00:00:02.72

D:\Jenkins\workspace\NumberServiceUnitServer\JenkinsCI\NumberLib>exit 0 
[NumberServiceUnitServer] $ cmd /c call C:\WINDOWS\TEMP\jenkins2786939482681862647.bat

D:\Jenkins\workspace\NumberServiceUnitServer>cd D:\Jenkins\workspace\NumberServiceUnitServer\JenkinsCI\NumberLibTest 

D:\Jenkins\workspace\NumberServiceUnitServer\JenkinsCI\NumberLibTest>dotnet restore 
  Restore completed in 42.56 ms for D:\Jenkins\workspace\NumberServiceUnitServer\JenkinsCI\NumberLib\NumberLib.csproj.
  Restore completed in 53.34 ms for D:\Jenkins\workspace\NumberServiceUnitServer\JenkinsCI\NumberLibTest\NumberLibTest.csproj.
  Restore completed in 75.32 ms for D:\Jenkins\workspace\NumberServiceUnitServer\JenkinsCI\NumberLibTest\NumberLibTest.csproj.

D:\Jenkins\workspace\NumberServiceUnitServer\JenkinsCI\NumberLibTest>dotnet build -c Release -f netcoreapp2.0  
Microsoft (R) Build Engine for .NET Core 15.6.82.30579 版
Copyright (C) Microsoft Corporation. 著作權所有，並保留一切權利。

  Restore completed in 40.21 ms for D:\Jenkins\workspace\NumberServiceUnitServer\JenkinsCI\NumberLib\NumberLib.csproj.
  Restore completed in 50.82 ms for D:\Jenkins\workspace\NumberServiceUnitServer\JenkinsCI\NumberLibTest\NumberLibTest.csproj.
  Restore completed in 72.63 ms for D:\Jenkins\workspace\NumberServiceUnitServer\JenkinsCI\NumberLibTest\NumberLibTest.csproj.
  NumberLib -> D:\Jenkins\workspace\NumberServiceUnitServer\JenkinsCI\NumberLib\bin\Release\netcoreapp2.0\NumberLib.dll
  NumberLibTest -> D:\Jenkins\workspace\NumberServiceUnitServer\JenkinsCI\NumberLibTest\bin\Release\netcoreapp2.0\NumberLibTest.dll

建置成功。
    0 個警告
    0 個錯誤

經過時間 00:00:02.28

D:\Jenkins\workspace\NumberServiceUnitServer\JenkinsCI\NumberLibTest>exit 0 
[NumberServiceUnitServer] $ cmd /c call C:\WINDOWS\TEMP\jenkins8512676922074579700.bat

D:\Jenkins\workspace\NumberServiceUnitServer>rem cd D:\Jenkins\workspace\NumberServiceUnitServer\JenkinsCI\NumberLibTest 

D:\Jenkins\workspace\NumberServiceUnitServer>rem dotnet test -c Release -f netcoreapp2.0  

D:\Jenkins\workspace\NumberServiceUnitServer>exit 0 
[NumberServiceUnitServer] $ cmd /c call C:\WINDOWS\TEMP\jenkins8232457324541798517.bat

D:\Jenkins\workspace\NumberServiceUnitServer>cd D:\Jenkins\workspace\NumberServiceUnitServer\JenkinsCI\NumberLibTest\bin\Release\netcoreapp2.0\ 

D:\Jenkins\workspace\NumberServiceUnitServer\JenkinsCI\NumberLibTest\bin\Release\netcoreapp2.0>dotnet vstest NumberLibTest.dll /Framework:.NETCoreApp,Version=v2.0 /Logger:"trx;LogFileName=JepunTestResult.trx" /EnableCodeCoverage 
Microsoft (R) Test Execution Command Line Tool 15.7.0-preview-20180221-13 版
Copyright (C) Microsoft Corporation. 著作權所有，並保留一切權利。

正在啟動測試執行，請稍候...
資料收集: 找不到資料收集器 'Code Coverage'
WARNING: Overwriting results file: D:\Jenkins\workspace\NumberServiceUnitServer\JenkinsCI\NumberLibTest\bin\Release\netcoreapp2.0\TestResults\JepunTestResult.trx
Results File: D:\Jenkins\workspace\NumberServiceUnitServer\JenkinsCI\NumberLibTest\bin\Release\netcoreapp2.0\TestResults\JepunTestResult.trx

測試總計: 2。成功: 2。失敗: 0。略過: 0。
測試回合成功。
測試執行時間: 1.2061 秒

D:\Jenkins\workspace\NumberServiceUnitServer\JenkinsCI\NumberLibTest\bin\Release\netcoreapp2.0>exit 0 
[NumberServiceUnitServer] $ cmd /c call C:\WINDOWS\TEMP\jenkins3709477103371174389.bat

D:\Jenkins\workspace\NumberServiceUnitServer>rem echo ....單元測試涵蓋率 

D:\Jenkins\workspace\NumberServiceUnitServer>rem D:\Jenkins\workspace\NumberServiceUnitServer\JenkinsCI\NumberLibTest\bin\Release\netcoreapp2.0\ 

D:\Jenkins\workspace\NumberServiceUnitServer>rem "D:\Jenkins\tools\CodeCoverageConverter\CodeCoverageConverter.exe" TestResults coverage.xml 

D:\Jenkins\workspace\NumberServiceUnitServer>rem "D:\Jenkins\tools\msxsl.exe" coverage.xml - o coverageResult.xml 

D:\Jenkins\workspace\NumberServiceUnitServer>exit 0 
[NumberServiceUnitServer] $ cmd /c call C:\WINDOWS\TEMP\jenkins4370355545906088994.bat

D:\Jenkins\workspace\NumberServiceUnitServer>echo ....cd D:\Jenkins\ 
....cd D:\Jenkins\

D:\Jenkins\workspace\NumberServiceUnitServer>echo ....dotnet msbuild StyleCopSetting.xml 
....dotnet msbuild StyleCopSetting.xml

D:\Jenkins\workspace\NumberServiceUnitServer>exit 0 
[NumberServiceUnitServer] $ cmd /c call C:\WINDOWS\TEMP\jenkins1755021340324129831.bat

D:\Jenkins\workspace\NumberServiceUnitServer>echo ***執行SourceMonitor分析*** 
***執行SourceMonitor分析***

D:\Jenkins\workspace\NumberServiceUnitServer>SourceMonitor /C "D:\Jenkins\tools\SourceMonitorCommand.xml" 

D:\Jenkins\workspace\NumberServiceUnitServer>"D:\Jenkins\tools\msxsl.exe" SourceMonitorReport.xml "D:\Jenkins\tools\SourceMonitorSummaryGeneration.xsl" -o SourceMonitorSummaryGeneration.xml 

D:\Jenkins\workspace\NumberServiceUnitServer>"D:\Jenkins\tools\msxsl.exe" SourceMonitorSummaryGeneration.xml "D:\Jenkins\tools\SourceMonitor.xsl" -o SourceMonitorReport.html 

D:\Jenkins\workspace\NumberServiceUnitServer>exit 0 
[htmlpublisher] Archiving HTML reports...
[htmlpublisher] Archiving at BUILD level D:\Jenkins\workspace\NumberServiceUnitServer to C:\Program Files (x86)\Jenkins\jobs\NumberServiceUnitServer\builds\116\htmlreports\Source_Monitor_Report
[MSTEST-PLUGIN] INFO processing test results in file(s) D:\Jenkins\workspace\NumberServiceUnitServer\JenkinsCI\NumberLibTest\bin\Release\netcoreapp2.0\TestResults\JepunTestResult.trx
[MSTEST-PLUGIN] INFO processing report file: D:\Jenkins\workspace\NumberServiceUnitServer\JenkinsCI\NumberLibTest\bin\Release\netcoreapp2.0\TestResults\JepunTestResult.trx
[MSTEST-PLUGIN] WARNING Unable to delete the file D:\Jenkins\workspace\NumberServiceUnitServer\temporary-junit-reports
[MSTEST-PLUGIN] INFO This file is a reserved temporary file. You can delete it safely.
[MSTEST-PLUGIN] INFO XML coverage report file not found: D:\Jenkins\workspace\NumberServiceUnitServer\JenkinsCI\NumberLibTest\bin\Release\netcoreapp2.0\TestResults\vstest.coveragexml

[MSTEST-PLUGIN] INFO XML coverage report file not found: D:\Jenkins\workspace\NumberServiceUnitServer\JenkinsCI\NumberLibTest\bin\Release\netcoreapp2.0\TestResults\JepunTestResult.coveragexml

Finished: SUCCESS
