由使用者 unknown or anonymous 啟動
建置中 工作區 D:\Jenkins\workspace\NumberServiceUnitServer
 > C:\Program Files\Git\bin\git.exe rev-parse --is-inside-work-tree # timeout=10
Fetching changes from the remote Git repository
 > C:\Program Files\Git\bin\git.exe config remote.origin.url \\Test-pc\git\Jenkins # timeout=10
Fetching upstream changes from \\Test-pc\git\Jenkins
 > C:\Program Files\Git\bin\git.exe --version # timeout=10
 > C:\Program Files\Git\bin\git.exe fetch --tags --progress \\Test-pc\git\Jenkins +refs/heads/*:refs/remotes/origin/*
 > C:\Program Files\Git\bin\git.exe rev-parse "refs/remotes/origin/master^{commit}" # timeout=10
 > C:\Program Files\Git\bin\git.exe rev-parse "refs/remotes/origin/origin/master^{commit}" # timeout=10
Checking out Revision 01aaacf79397d5e227b82fc532c84d6bf8f5e943 (refs/remotes/origin/master)
 > C:\Program Files\Git\bin\git.exe config core.sparsecheckout # timeout=10
 > C:\Program Files\Git\bin\git.exe checkout -f 01aaacf79397d5e227b82fc532c84d6bf8f5e943
Commit message: "add version"
 > C:\Program Files\Git\bin\git.exe rev-list --no-walk 01aaacf79397d5e227b82fc532c84d6bf8f5e943 # timeout=10
[NumberServiceUnitServer] $ cmd /c call C:\WINDOWS\TEMP\jenkins4993905673944503326.bat

D:\Jenkins\workspace\NumberServiceUnitServer>echo ....執行 NuGet 還原 
....執行 NuGet 還原

D:\Jenkins\workspace\NumberServiceUnitServer>echo ....cd D:\Jenkins\workspace\NumberServiceUnitServer\JenkinsCI 
....cd D:\Jenkins\workspace\NumberServiceUnitServer\JenkinsCI

D:\Jenkins\workspace\NumberServiceUnitServer>echo ...."D:\Jenkins\nuget.exe" restore JenkinsCI.sln 
...."D:\Jenkins\nuget.exe" restore JenkinsCI.sln

D:\Jenkins\workspace\NumberServiceUnitServer>exit 0 
[NumberServiceUnitServer] $ cmd /c call C:\WINDOWS\TEMP\jenkins3439756935378852268.bat

D:\Jenkins\workspace\NumberServiceUnitServer>cd D:\Jenkins\workspace\NumberServiceUnitServer\JenkinsCI\NumberLib 

D:\Jenkins\workspace\NumberServiceUnitServer\JenkinsCI\NumberLib>dotnet restore 
  Restoring packages for D:\Jenkins\workspace\NumberServiceUnitServer\JenkinsCI\NumberLib\NumberLib.csproj...
  Generating MSBuild file D:\Jenkins\workspace\NumberServiceUnitServer\JenkinsCI\NumberLib\obj\NumberLib.csproj.nuget.g.props.
  Generating MSBuild file D:\Jenkins\workspace\NumberServiceUnitServer\JenkinsCI\NumberLib\obj\NumberLib.csproj.nuget.g.targets.
  Restore completed in 191.63 ms for D:\Jenkins\workspace\NumberServiceUnitServer\JenkinsCI\NumberLib\NumberLib.csproj.

D:\Jenkins\workspace\NumberServiceUnitServer\JenkinsCI\NumberLib>dotnet build -c Release -f netcoreapp2.0  
Microsoft (R) Build Engine for .NET Core 15.6.82.30579 版
Copyright (C) Microsoft Corporation. 著作權所有，並保留一切權利。

  Restore completed in 43.38 ms for D:\Jenkins\workspace\NumberServiceUnitServer\JenkinsCI\NumberLib\NumberLib.csproj.
  NumberLib -> D:\Jenkins\workspace\NumberServiceUnitServer\JenkinsCI\NumberLib\bin\Release\netcoreapp2.0\NumberLib.dll

建置成功。
    0 個警告
    0 個錯誤

經過時間 00:00:01.24

D:\Jenkins\workspace\NumberServiceUnitServer\JenkinsCI\NumberLib>exit 0 
[NumberServiceUnitServer] $ cmd /c call C:\WINDOWS\TEMP\jenkins5255359954952226822.bat

D:\Jenkins\workspace\NumberServiceUnitServer>cd D:\Jenkins\workspace\NumberServiceUnitServer\JenkinsCI\NumberLibTest 

D:\Jenkins\workspace\NumberServiceUnitServer\JenkinsCI\NumberLibTest>dotnet restore 
  Restoring packages for D:\Jenkins\workspace\NumberServiceUnitServer\JenkinsCI\NumberLibTest\NumberLibTest.csproj...
  Restore completed in 16.23 ms for D:\Jenkins\workspace\NumberServiceUnitServer\JenkinsCI\NumberLib\NumberLib.csproj.
  Restore completed in 81.38 ms for D:\Jenkins\workspace\NumberServiceUnitServer\JenkinsCI\NumberLibTest\NumberLibTest.csproj.
  Generating MSBuild file D:\Jenkins\workspace\NumberServiceUnitServer\JenkinsCI\NumberLibTest\obj\NumberLibTest.csproj.nuget.g.props.
  Generating MSBuild file D:\Jenkins\workspace\NumberServiceUnitServer\JenkinsCI\NumberLibTest\obj\NumberLibTest.csproj.nuget.g.targets.
  Restore completed in 348.25 ms for D:\Jenkins\workspace\NumberServiceUnitServer\JenkinsCI\NumberLibTest\NumberLibTest.csproj.

D:\Jenkins\workspace\NumberServiceUnitServer\JenkinsCI\NumberLibTest>dotnet build -c Release -f netcoreapp2.0  
Microsoft (R) Build Engine for .NET Core 15.6.82.30579 版
Copyright (C) Microsoft Corporation. 著作權所有，並保留一切權利。

  Restore completed in 40.85 ms for D:\Jenkins\workspace\NumberServiceUnitServer\JenkinsCI\NumberLib\NumberLib.csproj.
  Restore completed in 51.22 ms for D:\Jenkins\workspace\NumberServiceUnitServer\JenkinsCI\NumberLibTest\NumberLibTest.csproj.
  Restore completed in 77.19 ms for D:\Jenkins\workspace\NumberServiceUnitServer\JenkinsCI\NumberLibTest\NumberLibTest.csproj.
  NumberLib -> D:\Jenkins\workspace\NumberServiceUnitServer\JenkinsCI\NumberLib\bin\Release\netcoreapp2.0\NumberLib.dll
  NumberLibTest -> D:\Jenkins\workspace\NumberServiceUnitServer\JenkinsCI\NumberLibTest\bin\Release\netcoreapp2.0\NumberLibTest.dll

建置成功。
    0 個警告
    0 個錯誤

經過時間 00:00:02.15

D:\Jenkins\workspace\NumberServiceUnitServer\JenkinsCI\NumberLibTest>exit 0 
[NumberServiceUnitServer] $ cmd /c call C:\WINDOWS\TEMP\jenkins7952852681170312584.bat

D:\Jenkins\workspace\NumberServiceUnitServer>rem cd D:\Jenkins\workspace\NumberServiceUnitServer\JenkinsCI\NumberLibTest 

D:\Jenkins\workspace\NumberServiceUnitServer>rem dotnet test -c Release -f netcoreapp2.0  

D:\Jenkins\workspace\NumberServiceUnitServer>exit 0 
[NumberServiceUnitServer] $ cmd /c call C:\WINDOWS\TEMP\jenkins4408740595237761689.bat

D:\Jenkins\workspace\NumberServiceUnitServer>cd D:\Jenkins\workspace\NumberServiceUnitServer\JenkinsCI\NumberLibTest\bin\Release\netcoreapp2.0\ 

D:\Jenkins\workspace\NumberServiceUnitServer\JenkinsCI\NumberLibTest\bin\Release\netcoreapp2.0>dotnet vstest NumberLibTest.dll /Framework:.NETCoreApp,Version=v2.0 /Logger:"trx;LogFileName=JepunTestResult.trx" /EnableCodeCoverage 
Microsoft (R) Test Execution Command Line Tool 15.7.0-preview-20180221-13 版
Copyright (C) Microsoft Corporation. 著作權所有，並保留一切權利。

正在啟動測試執行，請稍候...
資料收集: 找不到資料收集器 'Code Coverage'
WARNING: Overwriting results file: D:\Jenkins\workspace\NumberServiceUnitServer\JenkinsCI\NumberLibTest\bin\Release\netcoreapp2.0\TestResults\JepunTestResult.trx
Results File: D:\Jenkins\workspace\NumberServiceUnitServer\JenkinsCI\NumberLibTest\bin\Release\netcoreapp2.0\TestResults\JepunTestResult.trx

測試總計: 2。成功: 2。失敗: 0。略過: 0。
測試回合成功。
測試執行時間: 1.3259 秒

D:\Jenkins\workspace\NumberServiceUnitServer\JenkinsCI\NumberLibTest\bin\Release\netcoreapp2.0>exit 0 
[NumberServiceUnitServer] $ cmd /c call C:\WINDOWS\TEMP\jenkins8284016130381231686.bat

D:\Jenkins\workspace\NumberServiceUnitServer>rem echo ....單元測試涵蓋率 

D:\Jenkins\workspace\NumberServiceUnitServer>rem D:\Jenkins\workspace\NumberServiceUnitServer\JenkinsCI\NumberLibTest\bin\Release\netcoreapp2.0\ 

D:\Jenkins\workspace\NumberServiceUnitServer>rem "D:\Jenkins\tools\CodeCoverageConverter\CodeCoverageConverter.exe" TestResults coverage.xml 

D:\Jenkins\workspace\NumberServiceUnitServer>rem "D:\Jenkins\tools\msxsl.exe" coverage.xml - o coverageResult.xml 

D:\Jenkins\workspace\NumberServiceUnitServer>exit 0 
[NumberServiceUnitServer] $ cmd /c call C:\WINDOWS\TEMP\jenkins971572962726066824.bat

D:\Jenkins\workspace\NumberServiceUnitServer>echo ....cd D:\Jenkins\ 
....cd D:\Jenkins\

D:\Jenkins\workspace\NumberServiceUnitServer>echo ....dotnet msbuild StyleCopSetting.xml 
....dotnet msbuild StyleCopSetting.xml

D:\Jenkins\workspace\NumberServiceUnitServer>exit 0 
[MSTEST-PLUGIN] INFO processing test results in file(s) D:\Jenkins\workspace\NumberServiceUnitServer\JenkinsCI\NumberLibTest\bin\Release\netcoreapp2.0\TestResults\JepunTestResult.trx
[MSTEST-PLUGIN] INFO processing report file: D:\Jenkins\workspace\NumberServiceUnitServer\JenkinsCI\NumberLibTest\bin\Release\netcoreapp2.0\TestResults\JepunTestResult.trx
[MSTEST-PLUGIN] WARNING Unable to delete the file D:\Jenkins\workspace\NumberServiceUnitServer\temporary-junit-reports
[MSTEST-PLUGIN] INFO This file is a reserved temporary file. You can delete it safely.
[MSTEST-PLUGIN] INFO XML coverage report file not found: D:\Jenkins\workspace\NumberServiceUnitServer\JenkinsCI\NumberLibTest\bin\Release\netcoreapp2.0\TestResults\vstest.coveragexml

[MSTEST-PLUGIN] INFO XML coverage report file not found: D:\Jenkins\workspace\NumberServiceUnitServer\JenkinsCI\NumberLibTest\bin\Release\netcoreapp2.0\TestResults\JepunTestResult.coveragexml

Finished: SUCCESS
