由使用者 unknown or anonymous 啟動
建置中 工作區 D:\Jenkins\workspace\NumberServiceUnitServer
 > C:\Program Files\Git\bin\git.exe rev-parse --is-inside-work-tree # timeout=10
Fetching changes from the remote Git repository
 > C:\Program Files\Git\bin\git.exe config remote.origin.url \\Test-pc\git\Jenkins # timeout=10
Fetching upstream changes from \\Test-pc\git\Jenkins
 > C:\Program Files\Git\bin\git.exe --version # timeout=10
 > C:\Program Files\Git\bin\git.exe fetch --tags --progress \\Test-pc\git\Jenkins +refs/heads/*:refs/remotes/origin/*
 > C:\Program Files\Git\bin\git.exe rev-parse "refs/remotes/origin/master^{commit}" # timeout=10
 > C:\Program Files\Git\bin\git.exe rev-parse "refs/remotes/origin/origin/master^{commit}" # timeout=10
Checking out Revision 9c33a17580ff22b6647dbbc3c5c1099682498057 (refs/remotes/origin/master)
 > C:\Program Files\Git\bin\git.exe config core.sparsecheckout # timeout=10
 > C:\Program Files\Git\bin\git.exe checkout -f 9c33a17580ff22b6647dbbc3c5c1099682498057
Commit message: "add version"
 > C:\Program Files\Git\bin\git.exe rev-list --no-walk 9c33a17580ff22b6647dbbc3c5c1099682498057 # timeout=10
[NumberServiceUnitServer] $ cmd /c call C:\WINDOWS\TEMP\jenkins572498666164760135.bat

D:\Jenkins\workspace\NumberServiceUnitServer>echo ....執行 NuGet 還原 
....執行 NuGet 還原

D:\Jenkins\workspace\NumberServiceUnitServer>echo ....cd D:\Jenkins\workspace\NumberServiceUnitTest\JenkinsCI 
....cd D:\Jenkins\workspace\NumberServiceUnitTest\JenkinsCI

D:\Jenkins\workspace\NumberServiceUnitServer>echo ...."D:\Jenkins\nuget.exe" restore JenkinsCI.sln 
...."D:\Jenkins\nuget.exe" restore JenkinsCI.sln

D:\Jenkins\workspace\NumberServiceUnitServer>exit 0 
[NumberServiceUnitServer] $ cmd /c call C:\WINDOWS\TEMP\jenkins3279606129565220061.bat

D:\Jenkins\workspace\NumberServiceUnitServer>cd D:\Jenkins\workspace\NumberServiceUnitTest\JenkinsCI\NumberLib 

D:\Jenkins\workspace\NumberServiceUnitTest\JenkinsCI\NumberLib>dotnet restore 
  Restore completed in 44.93 ms for D:\Jenkins\workspace\NumberServiceUnitTest\JenkinsCI\NumberLib\NumberLib.csproj.

D:\Jenkins\workspace\NumberServiceUnitTest\JenkinsCI\NumberLib>dotnet build -c Release -f netcoreapp2.0  
Microsoft (R) Build Engine for .NET Core 15.6.82.30579 版
Copyright (C) Microsoft Corporation. 著作權所有，並保留一切權利。

  Restore completed in 43.29 ms for D:\Jenkins\workspace\NumberServiceUnitTest\JenkinsCI\NumberLib\NumberLib.csproj.
  NumberLib -> D:\Jenkins\workspace\NumberServiceUnitTest\JenkinsCI\NumberLib\bin\Release\netcoreapp2.0\NumberLib.dll

建置成功。
    0 個警告
    0 個錯誤

經過時間 00:00:00.95

D:\Jenkins\workspace\NumberServiceUnitTest\JenkinsCI\NumberLib>exit 0 
[NumberServiceUnitServer] $ cmd /c call C:\WINDOWS\TEMP\jenkins8006284494915251997.bat

D:\Jenkins\workspace\NumberServiceUnitServer>cd D:\Jenkins\workspace\NumberServiceUnitTest\JenkinsCI\NumberLibTest 

D:\Jenkins\workspace\NumberServiceUnitTest\JenkinsCI\NumberLibTest>dotnet restore 
  Restore completed in 37.46 ms for D:\Jenkins\workspace\NumberServiceUnitTest\JenkinsCI\NumberLib\NumberLib.csproj.
  Restore completed in 47.72 ms for D:\Jenkins\workspace\NumberServiceUnitTest\JenkinsCI\NumberLibTest\NumberLibTest.csproj.
  Restore completed in 73.48 ms for D:\Jenkins\workspace\NumberServiceUnitTest\JenkinsCI\NumberLibTest\NumberLibTest.csproj.

D:\Jenkins\workspace\NumberServiceUnitTest\JenkinsCI\NumberLibTest>dotnet build -c Release -f netcoreapp2.0  
Microsoft (R) Build Engine for .NET Core 15.6.82.30579 版
Copyright (C) Microsoft Corporation. 著作權所有，並保留一切權利。

  Restore completed in 40.91 ms for D:\Jenkins\workspace\NumberServiceUnitTest\JenkinsCI\NumberLib\NumberLib.csproj.
  Restore completed in 51.51 ms for D:\Jenkins\workspace\NumberServiceUnitTest\JenkinsCI\NumberLibTest\NumberLibTest.csproj.
  Restore completed in 76.57 ms for D:\Jenkins\workspace\NumberServiceUnitTest\JenkinsCI\NumberLibTest\NumberLibTest.csproj.
  NumberLib -> D:\Jenkins\workspace\NumberServiceUnitTest\JenkinsCI\NumberLib\bin\Release\netcoreapp2.0\NumberLib.dll
  NumberLibTest -> D:\Jenkins\workspace\NumberServiceUnitTest\JenkinsCI\NumberLibTest\bin\Release\netcoreapp2.0\NumberLibTest.dll

建置成功。
    0 個警告
    0 個錯誤

經過時間 00:00:01.73

D:\Jenkins\workspace\NumberServiceUnitTest\JenkinsCI\NumberLibTest>exit 0 
[NumberServiceUnitServer] $ cmd /c call C:\WINDOWS\TEMP\jenkins5964483708850433413.bat

D:\Jenkins\workspace\NumberServiceUnitServer>rem cd D:\Jenkins\workspace\NumberServiceUnitTest\JenkinsCI\NumberLibTest 

D:\Jenkins\workspace\NumberServiceUnitServer>rem dotnet test -c Release -f netcoreapp2.0  

D:\Jenkins\workspace\NumberServiceUnitServer>exit 0 
[NumberServiceUnitServer] $ cmd /c call C:\WINDOWS\TEMP\jenkins6916330774984295965.bat

D:\Jenkins\workspace\NumberServiceUnitServer>cd D:\Jenkins\workspace\NumberServiceUnitTest\JenkinsCI\NumberLibTest\bin\Release\netcoreapp2.0\ 

D:\Jenkins\workspace\NumberServiceUnitTest\JenkinsCI\NumberLibTest\bin\Release\netcoreapp2.0>dotnet vstest NumberLibTest.dll /Framework:.NETCoreApp,Version=v2.0 /Logger:"trx;LogFileName=JepunTestResult.trx" /EnableCodeCoverage 
Microsoft (R) Test Execution Command Line Tool 15.7.0-preview-20180221-13 版
Copyright (C) Microsoft Corporation. 著作權所有，並保留一切權利。

正在啟動測試執行，請稍候...
資料收集: 找不到資料收集器 'Code Coverage'
[xUnit.net 00:00:00.6252160]     NumberLibTest.NuberServiceTest.ShouldReturnFalseGivenOddValue [FAIL]
失敗   NumberLibTest.NuberServiceTest.ShouldReturnFalseGivenOddValue
錯誤訊息:
 1 should return false
Expected: False
Actual:   True

WARNING: Overwriting results file: D:\Jenkins\workspace\NumberServiceUnitTest\JenkinsCI\NumberLibTest\bin\Release\netcoreapp2.0\TestResults\JepunTestResult.trx
Results File: D:\Jenkins\workspace\NumberServiceUnitTest\JenkinsCI\NumberLibTest\bin\Release\netcoreapp2.0\TestResults\JepunTestResult.trx

測試總計: 2。成功: 1。失敗: 1。略過: 0。
測試回合失敗。
測試執行時間: 1.3117 秒

D:\Jenkins\workspace\NumberServiceUnitTest\JenkinsCI\NumberLibTest\bin\Release\netcoreapp2.0>exit 1 
Build step '執行 Windows 批次指令' marked build as failure
[MSTEST-PLUGIN] INFO processing test results in file(s) D:\Jenkins\workspace\NumberServiceUnitTest\JenkinsCI\NumberLibTest\bin\Release\netcoreapp2.0\TestResults\JepunTestResult.trx
[MSTEST-PLUGIN] INFO processing report file: D:\Jenkins\workspace\NumberServiceUnitTest\JenkinsCI\NumberLibTest\bin\Release\netcoreapp2.0\TestResults\JepunTestResult.trx
[MSTEST-PLUGIN] WARNING Unable to delete the file D:\Jenkins\workspace\NumberServiceUnitServer\temporary-junit-reports
[MSTEST-PLUGIN] INFO This file is a reserved temporary file. You can delete it safely.
[MSTEST-PLUGIN] INFO XML coverage report file not found: D:\Jenkins\workspace\NumberServiceUnitTest\JenkinsCI\NumberLibTest\bin\Release\netcoreapp2.0\TestResults\vstest.coveragexml

[MSTEST-PLUGIN] INFO XML coverage report file not found: D:\Jenkins\workspace\NumberServiceUnitTest\JenkinsCI\NumberLibTest\bin\Release\netcoreapp2.0\TestResults\JepunTestResult.coveragexml

Finished: FAILURE
