由計時器啟動
建置中 工作區 D:\Jenkins\workspace\NumberServiceUnitServer
 > C:\Program Files\Git\bin\git.exe rev-parse --is-inside-work-tree # timeout=10
Fetching changes from the remote Git repository
 > C:\Program Files\Git\bin\git.exe config remote.origin.url \\Test-pc\git\Jenkins # timeout=10
Fetching upstream changes from \\Test-pc\git\Jenkins
 > C:\Program Files\Git\bin\git.exe --version # timeout=10
 > C:\Program Files\Git\bin\git.exe fetch --tags --progress \\Test-pc\git\Jenkins +refs/heads/*:refs/remotes/origin/*
 > C:\Program Files\Git\bin\git.exe rev-parse "refs/remotes/origin/master^{commit}" # timeout=10
 > C:\Program Files\Git\bin\git.exe rev-parse "refs/remotes/origin/origin/master^{commit}" # timeout=10
Checking out Revision be249c9c49dc15827a24cc32ae4c3d87eb1249e9 (refs/remotes/origin/master)
 > C:\Program Files\Git\bin\git.exe config core.sparsecheckout # timeout=10
 > C:\Program Files\Git\bin\git.exe checkout -f be249c9c49dc15827a24cc32ae4c3d87eb1249e9
Commit message: "add"
 > C:\Program Files\Git\bin\git.exe rev-list --no-walk 632c175bc0af743a3a5ae1ab377c23046ed63088 # timeout=10
[NumberServiceUnitServer] $ cmd /c call C:\WINDOWS\TEMP\jenkins8193550548688817552.bat

D:\Jenkins\workspace\NumberServiceUnitServer>echo ....執行 NuGet 還原 
....執行 NuGet 還原

D:\Jenkins\workspace\NumberServiceUnitServer>echo ....cd D:\Jenkins\workspace\NumberServiceUnitServer\JenkinsCI 
....cd D:\Jenkins\workspace\NumberServiceUnitServer\JenkinsCI

D:\Jenkins\workspace\NumberServiceUnitServer>echo ...."D:\Jenkins\nuget.exe" restore JenkinsCI.sln 
...."D:\Jenkins\nuget.exe" restore JenkinsCI.sln

D:\Jenkins\workspace\NumberServiceUnitServer>exit 0 
[NumberServiceUnitServer] $ cmd /c call C:\WINDOWS\TEMP\jenkins7371834346949111230.bat

D:\Jenkins\workspace\NumberServiceUnitServer>cd D:\Jenkins\workspace\NumberServiceUnitServer\JenkinsCI\NumberLib 

D:\Jenkins\workspace\NumberServiceUnitServer\JenkinsCI\NumberLib>dotnet restore 
  Restore completed in 71.9 ms for D:\Jenkins\workspace\NumberServiceUnitServer\JenkinsCI\NumberLib\NumberLib.csproj.

D:\Jenkins\workspace\NumberServiceUnitServer\JenkinsCI\NumberLib>dotnet build -c Release -f netcoreapp2.0  
Microsoft (R) Build Engine for .NET Core 15.6.82.30579 版
Copyright (C) Microsoft Corporation. 著作權所有，並保留一切權利。

  Restore completed in 41.26 ms for D:\Jenkins\workspace\NumberServiceUnitServer\JenkinsCI\NumberLib\NumberLib.csproj.
  NumberLib -> D:\Jenkins\workspace\NumberServiceUnitServer\JenkinsCI\NumberLib\bin\Release\netcoreapp2.0\NumberLib.dll

建置成功。
    0 個警告
    0 個錯誤

經過時間 00:00:01.22

D:\Jenkins\workspace\NumberServiceUnitServer\JenkinsCI\NumberLib>exit 0 
[NumberServiceUnitServer] $ cmd /c call C:\WINDOWS\TEMP\jenkins8327018673676369969.bat

D:\Jenkins\workspace\NumberServiceUnitServer>cd D:\Jenkins\workspace\NumberServiceUnitServer\JenkinsCI\NumberLibTest 

D:\Jenkins\workspace\NumberServiceUnitServer\JenkinsCI\NumberLibTest>dotnet restore 
  Restore completed in 22.03 ms for D:\Jenkins\workspace\NumberServiceUnitServer\JenkinsCI\NumberLib\NumberLib.csproj.
  Restore completed in 117.26 ms for D:\Jenkins\workspace\NumberServiceUnitServer\JenkinsCI\NumberLibTest\NumberLibTest.csproj.
  Restore completed in 30.12 ms for D:\Jenkins\workspace\NumberServiceUnitServer\JenkinsCI\NumberLibTest\NumberLibTest.csproj.

D:\Jenkins\workspace\NumberServiceUnitServer\JenkinsCI\NumberLibTest>dotnet build -c Release -f netcoreapp2.0  
Microsoft (R) Build Engine for .NET Core 15.6.82.30579 版
Copyright (C) Microsoft Corporation. 著作權所有，並保留一切權利。

  Restore completed in 44 ms for D:\Jenkins\workspace\NumberServiceUnitServer\JenkinsCI\NumberLib\NumberLib.csproj.
  Restore completed in 55.9 ms for D:\Jenkins\workspace\NumberServiceUnitServer\JenkinsCI\NumberLibTest\NumberLibTest.csproj.
  Restore completed in 78.34 ms for D:\Jenkins\workspace\NumberServiceUnitServer\JenkinsCI\NumberLibTest\NumberLibTest.csproj.
  NumberLib -> D:\Jenkins\workspace\NumberServiceUnitServer\JenkinsCI\NumberLib\bin\Release\netcoreapp2.0\NumberLib.dll
  NumberLibTest -> D:\Jenkins\workspace\NumberServiceUnitServer\JenkinsCI\NumberLibTest\bin\Release\netcoreapp2.0\NumberLibTest.dll

建置成功。
    0 個警告
    0 個錯誤

經過時間 00:00:02.26

D:\Jenkins\workspace\NumberServiceUnitServer\JenkinsCI\NumberLibTest>exit 0 
[NumberServiceUnitServer] $ cmd /c call C:\WINDOWS\TEMP\jenkins7624388378113137255.bat

D:\Jenkins\workspace\NumberServiceUnitServer>rem cd D:\Jenkins\workspace\NumberServiceUnitServer\JenkinsCI\NumberLibTest 

D:\Jenkins\workspace\NumberServiceUnitServer>rem dotnet test -c Release -f netcoreapp2.0  

D:\Jenkins\workspace\NumberServiceUnitServer>exit 0 
[NumberServiceUnitServer] $ cmd /c call C:\WINDOWS\TEMP\jenkins7393136462545544569.bat

D:\Jenkins\workspace\NumberServiceUnitServer>cd D:\Jenkins\workspace\NumberServiceUnitServer\JenkinsCI\NumberLibTest\bin\Release\netcoreapp2.0\ 

D:\Jenkins\workspace\NumberServiceUnitServer\JenkinsCI\NumberLibTest\bin\Release\netcoreapp2.0>dotnet vstest NumberLibTest.dll /Framework:.NETCoreApp,Version=v2.0 /Logger:"trx;LogFileName=JepunTestResult.trx" /EnableCodeCoverage 
Microsoft (R) Test Execution Command Line Tool 15.7.0-preview-20180221-13 版
Copyright (C) Microsoft Corporation. 著作權所有，並保留一切權利。

正在啟動測試執行，請稍候...
資料收集: 找不到資料收集器 'Code Coverage'
WARNING: Overwriting results file: D:\Jenkins\workspace\NumberServiceUnitServer\JenkinsCI\NumberLibTest\bin\Release\netcoreapp2.0\TestResults\JepunTestResult.trx
Results File: D:\Jenkins\workspace\NumberServiceUnitServer\JenkinsCI\NumberLibTest\bin\Release\netcoreapp2.0\TestResults\JepunTestResult.trx

測試總計: 2。成功: 2。失敗: 0。略過: 0。
測試回合成功。
測試執行時間: 1.6388 秒

D:\Jenkins\workspace\NumberServiceUnitServer\JenkinsCI\NumberLibTest\bin\Release\netcoreapp2.0>exit 0 
[NumberServiceUnitServer] $ cmd /c call C:\WINDOWS\TEMP\jenkins2020943212185298193.bat

D:\Jenkins\workspace\NumberServiceUnitServer>rem echo ....單元測試涵蓋率 

D:\Jenkins\workspace\NumberServiceUnitServer>rem D:\Jenkins\workspace\NumberServiceUnitServer\JenkinsCI\NumberLibTest\bin\Release\netcoreapp2.0\ 

D:\Jenkins\workspace\NumberServiceUnitServer>rem "D:\Jenkins\tools\CodeCoverageConverter\CodeCoverageConverter.exe" TestResults coverage.xml 

D:\Jenkins\workspace\NumberServiceUnitServer>rem "D:\Jenkins\tools\msxsl.exe" coverage.xml - o coverageResult.xml 

D:\Jenkins\workspace\NumberServiceUnitServer>exit 0 
[NumberServiceUnitServer] $ cmd /c call C:\WINDOWS\TEMP\jenkins105944357591487382.bat

D:\Jenkins\workspace\NumberServiceUnitServer>echo ....cd D:\Jenkins\ 
....cd D:\Jenkins\

D:\Jenkins\workspace\NumberServiceUnitServer>echo ....dotnet msbuild StyleCopSetting.xml 
....dotnet msbuild StyleCopSetting.xml

D:\Jenkins\workspace\NumberServiceUnitServer>exit 0 
[NumberServiceUnitServer] $ cmd /c call C:\WINDOWS\TEMP\jenkins2050203771469182141.bat

D:\Jenkins\workspace\NumberServiceUnitServer>echo ***執行SourceMonitor分析*** 
***執行SourceMonitor分析***

D:\Jenkins\workspace\NumberServiceUnitServer>SourceMonitor /C "D:\Jenkins\tools\SourceMonitorCommand.xml" 

D:\Jenkins\workspace\NumberServiceUnitServer>"D:\Jenkins\tools\msxsl.exe" SourceMonitorReport.xml "D:\Jenkins\tools\SourceMonitorSummaryGeneration.xsl" -o SourceMonitorSummaryGeneration.xml 

D:\Jenkins\workspace\NumberServiceUnitServer>"D:\Jenkins\tools\msxsl.exe" SourceMonitorSummaryGeneration.xml "D:\Jenkins\tools\SourceMonitor.xsl" -o SourceMonitorReport.html 

D:\Jenkins\workspace\NumberServiceUnitServer>exit 0 
[htmlpublisher] Archiving HTML reports...
[htmlpublisher] Archiving at BUILD level D:\Jenkins\workspace\NumberServiceUnitServer to C:\Program Files (x86)\Jenkins\jobs\NumberServiceUnitServer\builds\117\htmlreports\Source_Monitor_Report
[MSTEST-PLUGIN] INFO processing test results in file(s) D:\Jenkins\workspace\NumberServiceUnitServer\JenkinsCI\NumberLibTest\bin\Release\netcoreapp2.0\TestResults\JepunTestResult.trx
[MSTEST-PLUGIN] INFO processing report file: D:\Jenkins\workspace\NumberServiceUnitServer\JenkinsCI\NumberLibTest\bin\Release\netcoreapp2.0\TestResults\JepunTestResult.trx
[MSTEST-PLUGIN] WARNING Unable to delete the file D:\Jenkins\workspace\NumberServiceUnitServer\temporary-junit-reports
[MSTEST-PLUGIN] INFO This file is a reserved temporary file. You can delete it safely.
[MSTEST-PLUGIN] INFO XML coverage report file not found: D:\Jenkins\workspace\NumberServiceUnitServer\JenkinsCI\NumberLibTest\bin\Release\netcoreapp2.0\TestResults\vstest.coveragexml

[MSTEST-PLUGIN] INFO XML coverage report file not found: D:\Jenkins\workspace\NumberServiceUnitServer\JenkinsCI\NumberLibTest\bin\Release\netcoreapp2.0\TestResults\JepunTestResult.coveragexml

Finished: SUCCESS
